// Jest Snapshot v1, https://goo.gl/fbAQLP

exports[`<PasswordConfirm /> rendering should render correctly 1`] = `
<div
  className="owisp-password-confirm-container"
>
  <form
    className="owisp-password-confirm-form"
    onSubmit={[Function]}
  >
    <div
      className="owisp-password-confirm-header"
    >
      <div
        className="owisp-password-confirm-heading"
      >
        reset your password
      </div>
      <div
        className="owisp-password-confirm-subheading"
      >
        please enter your new password
      </div>
    </div>
    <div
      className="owisp-password-confirm-fieldset"
    >
      <label
        className="owisp-password-confirm-label owisp-password-confirm-label-password"
        htmlFor="owisp-password-confirm-password"
      >
        <div
          className="owisp-password-confirm-label-text"
        >
          password
        </div>
        <input
          className="owisp-password-confirm-input owisp-password-confirm-input-password
                      "
          id="owisp-password-confirm-password"
          name="newPassword1"
          onChange={[Function]}
          pattern=".{6,}"
          placeholder="password"
          required={true}
          title="password must be a minimum of 6 characters"
          type="password"
          value=""
        />
      </label>
      <label
        className="owisp-password-confirm-label owisp-password-confirm-label-confirm"
        htmlFor="owisp-password-confirm-password-confirm"
      >
        <div
          className="owisp-password-confirm-label-text"
        >
          confirm
        </div>
        <input
          className="owisp-password-confirm-input owisp-password-confirm-input-confirm "
          id="owisp-password-confirm-password-confirm"
          name="newPassword2"
          onChange={[Function]}
          placeholder="confirm password"
          required={true}
          title={null}
          type="password"
          value=""
        />
      </label>
    </div>
    <input
      className="owisp-password-confirm-submit-btn"
      type="submit"
      value="change password"
    />
  </form>
</div>
`;
